SIR@SIR-PC MINGW32 ~/Desktop/Python tutorials (master)
$ git config user.name
Mayank Verma

SIR@SIR-PC MINGW32 ~/Desktop/Python tutorials (master)
$ git config user.email
mayank.verma.cse21@itbhu.ac.in

SIR@SIR-PC MINGW32 ~/Desktop/Python tutorials (master)
$ git status
On branch master
Changes not staged for commit:
  (use "git add/rm <file>..." to update what will be committed)
  (use "git restore <file>..." to discard changes in working directory)
        deleted:    Ubuntu_tutorial.txt

Untracked files:
  (use "git add <file>..." to include in what will be committed)
        Ubuntu_Tutorials(in Git-Bash).txt

no changes added to commit (use "git add" and/or "git commit -a")

// sometimes git init command may also be required before git status for a completely new folder 

SIR@SIR-PC MINGW32 ~/Desktop/Python tutorials (master)
$ git add .

SIR@SIR-PC MINGW32 ~/Desktop/Python tutorials (master)
$ git commit -m "initial commit" //anything can be used to describe the type of commit
[master 353ef5a] initial commit
 2 files changed, 762 insertions(+)
 create mode 100644 Ubuntu_Tutorials(in Git-Bash).txt
 delete mode 100644 Ubuntu_tutorial.txt

// sometimes you have to create a .gitignore file
// add names of the files inside the folder which you do not want to push with a /

SIR@SIR-PC MINGW32 ~/Desktop/Python tutorials (master)
$ git status
On branch master
nothing to commit, working tree clean

SIR@SIR-PC MINGW32 ~/Desktop/Python tutorials (master)
$ git remote add origin git@github.com:mayankverma2003/Ubuntu-Tutorial.git
error: remote origin already exists.

SIR@SIR-PC MINGW32 ~/Desktop/Python tutorials (master)
$ git remote set-url origin git@github.com:mayankverma2003/Ubuntu-Tutorial.git

// sometimes while performing the above operation it shows error
// it may be because you have not set a SSH key for your device
// you can do it online resources

SIR@SIR-PC MINGW32 ~/Desktop/Python tutorials (master)
$ git push origin master
Enumerating objects: 11, done.
Counting objects: 100% (11/11), done.
Delta compression using up to 2 threads
Compressing objects: 100% (7/7), done.
Writing objects: 100% (11/11), 7.38 KiB | 222.00 KiB/s, done.
Total 11 (delta 0), reused 0 (delta 0), pack-reused 0
To github.com:mayankverma2003/Ubuntu-Tutorial.git
 * [new branch]      master -> master

SIR@SIR-PC MINGW32 ~/Desktop/Python tutorials (master)
$

// to add another file in the given repo, you have to clone the repo to your local machine
// after cloning make changes to the repo and make a pull request(or something like that)
// this will replace pevious repo with new one

// the file pushed is Ubuntu_Tutorials(in Git-Bash)
// Fact: in Ubuntu multiple users can work on same computer